
> frontend@0.1.0 start
> craco start

(node:22060) [DEP_WEBPACK_DEV_SERVER_ON_AFTER_SETUP_MIDDLEWARE] DeprecationWarning: 'onAfterSetupMiddleware' option is deprecated. Please use the 'setupMiddlewares' option.
(Use `node --trace-deprecation ...` to show where the warning was created)
(node:22060) [DEP_WEBPACK_DEV_SERVER_ON_BEFORE_SETUP_MIDDLEWARE] DeprecationWarning: 'onBeforeSetupMiddleware' option is deprecated. Please use the 'setupMiddlewares' option.
Starting the development server...

(node:22060) [DEP_WEBPACK_COMPILATION_ASSETS] DeprecationWarning: Compilation.assets will be frozen in future, all modifications are deprecated.
BREAKING CHANGE: No more changes should happen to Compilation.assets after sealing the Compilation.
	Do changes to assets earlier, e. g. in Compilation.hooks.processAssets.
	Make sure to select an appropriate stage from Compilation.PROCESS_ASSETS_STAGE_*.
Compiled with warnings.

Failed to parse source map from 'C:\super_app_madrasah\super_app_madrasah\frontend\node_modules\src\camera\core-impl.ts' file: Error: ENOENT: no such file or directory, open 'C:\super_app_madrasah\super_app_madrasah\frontend\node_modules\src\camera\core-impl.ts'

Failed to parse source map from 'C:\super_app_madrasah\super_app_madrasah\frontend\node_modules\src\camera\factories.ts' file: Error: ENOENT: no such file or directory, open 'C:\super_app_madrasah\super_app_madrasah\frontend\node_modules\src\camera\factories.ts'

Failed to parse source map from 'C:\super_app_madrasah\super_app_madrasah\frontend\node_modules\src\camera\permissions.ts' file: Error: ENOENT: no such file or directory, open 'C:\super_app_madrasah\super_app_madrasah\frontend\node_modules\src\camera\permissions.ts'

Failed to parse source map from 'C:\super_app_madrasah\super_app_madrasah\frontend\node_modules\src\camera\retriever.ts' file: Error: ENOENT: no such file or directory, open 'C:\super_app_madrasah\super_app_madrasah\frontend\node_modules\src\camera\retriever.ts'

Failed to parse source map from 'C:\super_app_madrasah\super_app_madrasah\frontend\node_modules\src\code-decoder.ts' file: Error: ENOENT: no such file or directory, open 'C:\super_app_madrasah\super_app_madrasah\frontend\node_modules\src\code-decoder.ts'

Failed to parse source map from 'C:\super_app_madrasah\super_app_madrasah\frontend\node_modules\src\core.ts' file: Error: ENOENT: no such file or directory, open 'C:\super_app_madrasah\super_app_madrasah\frontend\node_modules\src\core.ts'

Failed to parse source map from 'C:\super_app_madrasah\super_app_madrasah\frontend\node_modules\src\image-assets.ts' file: Error: ENOENT: no such file or directory, open 'C:\super_app_madrasah\super_app_madrasah\frontend\node_modules\src\image-assets.ts'

Failed to parse source map from 'C:\super_app_madrasah\super_app_madrasah\frontend\node_modules\src\index.ts' file: Error: ENOENT: no such file or directory, open 'C:\super_app_madrasah\super_app_madrasah\frontend\node_modules\src\index.ts'

Failed to parse source map from 'C:\super_app_madrasah\super_app_madrasah\frontend\node_modules\src\native-bar-code-detector.ts' file: Error: ENOENT: no such file or directory, open 'C:\super_app_madrasah\super_app_madrasah\frontend\node_modules\src\native-bar-code-detector.ts'

Failed to parse source map from 'C:\super_app_madrasah\super_app_madrasah\frontend\node_modules\src\state-manager.ts' file: Error: ENOENT: no such file or directory, open 'C:\super_app_madrasah\super_app_madrasah\frontend\node_modules\src\state-manager.ts'

Failed to parse source map from 'C:\super_app_madrasah\super_app_madrasah\frontend\node_modules\src\storage.ts' file: Error: ENOENT: no such file or directory, open 'C:\super_app_madrasah\super_app_madrasah\frontend\node_modules\src\storage.ts'

Failed to parse source map from 'C:\super_app_madrasah\super_app_madrasah\frontend\node_modules\src\strings.ts' file: Error: ENOENT: no such file or directory, open 'C:\super_app_madrasah\super_app_madrasah\frontend\node_modules\src\strings.ts'

Failed to parse source map from 'C:\super_app_madrasah\super_app_madrasah\frontend\node_modules\src\ui.ts' file: Error: ENOENT: no such file or directory, open 'C:\super_app_madrasah\super_app_madrasah\frontend\node_modules\src\ui.ts'

Failed to parse source map from 'C:\super_app_madrasah\super_app_madrasah\frontend\node_modules\src\ui\scanner\base.ts' file: Error: ENOENT: no such file or directory, open 'C:\super_app_madrasah\super_app_madrasah\frontend\node_modules\src\ui\scanner\base.ts'

Failed to parse source map from 'C:\super_app_madrasah\super_app_madrasah\frontend\node_modules\src\ui\scanner\camera-selection-ui.ts' file: Error: ENOENT: no such file or directory, open 'C:\super_app_madrasah\super_app_madrasah\frontend\node_modules\src\ui\scanner\camera-selection-ui.ts'

Failed to parse source map from 'C:\super_app_madrasah\super_app_madrasah\frontend\node_modules\src\ui\scanner\camera-zoom-ui.ts' file: Error: ENOENT: no such file or directory, open 'C:\super_app_madrasah\super_app_madrasah\frontend\node_modules\src\ui\scanner\camera-zoom-ui.ts'

Failed to parse source map from 'C:\super_app_madrasah\super_app_madrasah\frontend\node_modules\src\ui\scanner\file-selection-ui.ts' file: Error: ENOENT: no such file or directory, open 'C:\super_app_madrasah\super_app_madrasah\frontend\node_modules\src\ui\scanner\file-selection-ui.ts'

Failed to parse source map from 'C:\super_app_madrasah\super_app_madrasah\frontend\node_modules\src\ui\scanner\scan-type-selector.ts' file: Error: ENOENT: no such file or directory, open 'C:\super_app_madrasah\super_app_madrasah\frontend\node_modules\src\ui\scanner\scan-type-selector.ts'

Failed to parse source map from 'C:\super_app_madrasah\super_app_madrasah\frontend\node_modules\src\ui\scanner\torch-button.ts' file: Error: ENOENT: no such file or directory, open 'C:\super_app_madrasah\super_app_madrasah\frontend\node_modules\src\ui\scanner\torch-button.ts'

Failed to parse source map from 'C:\super_app_madrasah\super_app_madrasah\frontend\node_modules\src\utils.ts' file: Error: ENOENT: no such file or directory, open 'C:\super_app_madrasah\super_app_madrasah\frontend\node_modules\src\utils.ts'

[eslint] 
src\components\layout\AppShell.js
  Line 403:6:  React Hook useEffect has a missing dependency: 'user?.password_status'. Either include it or remove the dependency array  react-hooks/exhaustive-deps

src\components\verval\VervalDraftAlert.js
  Line 77:6:  React Hook useEffect has missing dependencies: 'checkDraft', 'checkRequests', and 'onStatusChange'. Either include them or remove the dependency array. If 'onStatusChange' changes too often, find the parent component that defines it and wrap that definition in useCallback  react-hooks/exhaustive-deps

src\pages\ProfilePageEMIS.js
  Line 236:6:  React Hook useEffect has missing dependencies: 'checkDraft', 'loadRekamDidik', and 'loadStudentData'. Either include them or remove the dependency array                                                                                                                              react-hooks/exhaustive-deps
  Line 289:6:  React Hook useEffect has missing dependencies: 'alamatAyah', 'alamatIbu', 'alamatSiswa', 'alamatWali', 'ayahData', 'beasiswa', 'checkDraft', 'ibuData', 'loadDraft', 'pendidikanLain', 'prestasi', 'studentData', and 'waliData'. Either include them or remove the dependency array  react-hooks/exhaustive-deps
  Line 297:6:  React Hook useEffect has a missing dependency: 'saveVervalDraft'. Either include it or remove the dependency array                                                                                                                                                                    react-hooks/exhaustive-deps
  Line 323:6:  React Hook useEffect has missing dependencies: 'ayahData' and 'ibuData'. Either include them or remove the dependency array. You can also replace multiple useState variables with useReducer if 'setWaliData' needs the current value of 'ayahData'                                  react-hooks/exhaustive-deps
  Line 337:6:  React Hook useEffect has missing dependencies: 'alamatAyah' and 'alamatIbu'. Either include them or remove the dependency array. You can also replace multiple useState variables with useReducer if 'setAlamatWali' needs the current value of 'alamatAyah'                          react-hooks/exhaustive-deps
  Line 360:6:  React Hook useEffect has missing dependencies: 'alamatAyah', 'alamatIbu', and 'alamatWali'. Either include them or remove the dependency array. You can also replace multiple useState variables with useReducer if 'setAlamatSiswa' needs the current value of 'alamatAyah'          react-hooks/exhaustive-deps

src\pages\admin\AdminVervalGTKPage.js
  Line 41:35:  React Hook useEffect has a missing dependency: 'refresh'. Either include it or remove the dependency array  react-hooks/exhaustive-deps

src\pages\admin\AdminVervalSiswaPage.js
  Line 38:35:  React Hook useEffect has a missing dependency: 'refresh'. Either include it or remove the dependency array  react-hooks/exhaustive-deps

Search for the keywords to learn more about each warning.
To ignore, add // eslint-disable-next-line to the line before.

[1m[33mWARNING[39m[22m in [1m./node_modules/html5-qrcode/esm/camera/core-impl.js[39m[22m
[1mModule Warning (from ./node_modules/source-map-loader/dist/cjs.js):
[1m[31mFailed[39m[22m[1m to parse source map from 'C:\super_app_madrasah\super_app_madrasah\frontend\node_modules\src\camera\core-impl.ts' file: [1m[31mError[39m[22m[1m: ENOENT: no such file or directory, open 'C:\super_app_madrasah\super_app_madrasah\frontend\node_modules\src\camera\core-impl.ts'[39m[22m

[1m[33mWARNING[39m[22m in [1m./node_modules/html5-qrcode/esm/camera/factories.js[39m[22m
[1mModule Warning (from ./node_modules/source-map-loader/dist/cjs.js):
[1m[31mFailed[39m[22m[1m to parse source map from 'C:\super_app_madrasah\super_app_madrasah\frontend\node_modules\src\camera\factories.ts' file: [1m[31mError[39m[22m[1m: ENOENT: no such file or directory, open 'C:\super_app_madrasah\super_app_madrasah\frontend\node_modules\src\camera\factories.ts'[39m[22m

[1m[33mWARNING[39m[22m in [1m./node_modules/html5-qrcode/esm/camera/permissions.js[39m[22m
[1mModule Warning (from ./node_modules/source-map-loader/dist/cjs.js):
[1m[31mFailed[39m[22m[1m to parse source map from 'C:\super_app_madrasah\super_app_madrasah\frontend\node_modules\src\camera\permissions.ts' file: [1m[31mError[39m[22m[1m: ENOENT: no such file or directory, open 'C:\super_app_madrasah\super_app_madrasah\frontend\node_modules\src\camera\permissions.ts'[39m[22m

[1m[33mWARNING[39m[22m in [1m./node_modules/html5-qrcode/esm/camera/retriever.js[39m[22m
[1mModule Warning (from ./node_modules/source-map-loader/dist/cjs.js):
[1m[31mFailed[39m[22m[1m to parse source map from 'C:\super_app_madrasah\super_app_madrasah\frontend\node_modules\src\camera\retriever.ts' file: [1m[31mError[39m[22m[1m: ENOENT: no such file or directory, open 'C:\super_app_madrasah\super_app_madrasah\frontend\node_modules\src\camera\retriever.ts'[39m[22m

[1m[33mWARNING[39m[22m in [1m./node_modules/html5-qrcode/esm/code-decoder.js[39m[22m
[1mModule Warning (from ./node_modules/source-map-loader/dist/cjs.js):
[1m[31mFailed[39m[22m[1m to parse source map from 'C:\super_app_madrasah\super_app_madrasah\frontend\node_modules\src\code-decoder.ts' file: [1m[31mError[39m[22m[1m: ENOENT: no such file or directory, open 'C:\super_app_madrasah\super_app_madrasah\frontend\node_modules\src\code-decoder.ts'[39m[22m

[1m[33mWARNING[39m[22m in [1m./node_modules/html5-qrcode/esm/core.js[39m[22m
[1mModule Warning (from ./node_modules/source-map-loader/dist/cjs.js):
[1m[31mFailed[39m[22m[1m to parse source map from 'C:\super_app_madrasah\super_app_madrasah\frontend\node_modules\src\core.ts' file: [1m[31mError[39m[22m[1m: ENOENT: no such file or directory, open 'C:\super_app_madrasah\super_app_madrasah\frontend\node_modules\src\core.ts'[39m[22m

[1m[33mWARNING[39m[22m in [1m./node_modules/html5-qrcode/esm/image-assets.js[39m[22m
[1mModule Warning (from ./node_modules/source-map-loader/dist/cjs.js):
[1m[31mFailed[39m[22m[1m to parse source map from 'C:\super_app_madrasah\super_app_madrasah\frontend\node_modules\src\image-assets.ts' file: [1m[31mError[39m[22m[1m: ENOENT: no such file or directory, open 'C:\super_app_madrasah\super_app_madrasah\frontend\node_modules\src\image-assets.ts'[39m[22m

[1m[33mWARNING[39m[22m in [1m./node_modules/html5-qrcode/esm/index.js[39m[22m
[1mModule Warning (from ./node_modules/source-map-loader/dist/cjs.js):
[1m[31mFailed[39m[22m[1m to parse source map from 'C:\super_app_madrasah\super_app_madrasah\frontend\node_modules\src\index.ts' file: [1m[31mError[39m[22m[1m: ENOENT: no such file or directory, open 'C:\super_app_madrasah\super_app_madrasah\frontend\node_modules\src\index.ts'[39m[22m

[1m[33mWARNING[39m[22m in [1m./node_modules/html5-qrcode/esm/native-bar-code-detector.js[39m[22m
[1mModule Warning (from ./node_modules/source-map-loader/dist/cjs.js):
[1m[31mFailed[39m[22m[1m to parse source map from 'C:\super_app_madrasah\super_app_madrasah\frontend\node_modules\src\native-bar-code-detector.ts' file: [1m[31mError[39m[22m[1m: ENOENT: no such file or directory, open 'C:\super_app_madrasah\super_app_madrasah\frontend\node_modules\src\native-bar-code-detector.ts'[39m[22m

[1m[33mWARNING[39m[22m in [1m./node_modules/html5-qrcode/esm/state-manager.js[39m[22m
[1mModule Warning (from ./node_modules/source-map-loader/dist/cjs.js):
[1m[31mFailed[39m[22m[1m to parse source map from 'C:\super_app_madrasah\super_app_madrasah\frontend\node_modules\src\state-manager.ts' file: [1m[31mError[39m[22m[1m: ENOENT: no such file or directory, open 'C:\super_app_madrasah\super_app_madrasah\frontend\node_modules\src\state-manager.ts'[39m[22m

[1m[33mWARNING[39m[22m in [1m./node_modules/html5-qrcode/esm/storage.js[39m[22m
[1mModule Warning (from ./node_modules/source-map-loader/dist/cjs.js):
[1m[31mFailed[39m[22m[1m to parse source map from 'C:\super_app_madrasah\super_app_madrasah\frontend\node_modules\src\storage.ts' file: [1m[31mError[39m[22m[1m: ENOENT: no such file or directory, open 'C:\super_app_madrasah\super_app_madrasah\frontend\node_modules\src\storage.ts'[39m[22m

[1m[33mWARNING[39m[22m in [1m./node_modules/html5-qrcode/esm/strings.js[39m[22m
[1mModule Warning (from ./node_modules/source-map-loader/dist/cjs.js):
[1m[31mFailed[39m[22m[1m to parse source map from 'C:\super_app_madrasah\super_app_madrasah\frontend\node_modules\src\strings.ts' file: [1m[31mError[39m[22m[1m: ENOENT: no such file or directory, open 'C:\super_app_madrasah\super_app_madrasah\frontend\node_modules\src\strings.ts'[39m[22m

[1m[33mWARNING[39m[22m in [1m./node_modules/html5-qrcode/esm/ui.js[39m[22m
[1mModule Warning (from ./node_modules/source-map-loader/dist/cjs.js):
[1m[31mFailed[39m[22m[1m to parse source map from 'C:\super_app_madrasah\super_app_madrasah\frontend\node_modules\src\ui.ts' file: [1m[31mError[39m[22m[1m: ENOENT: no such file or directory, open 'C:\super_app_madrasah\super_app_madrasah\frontend\node_modules\src\ui.ts'[39m[22m

[1m[33mWARNING[39m[22m in [1m./node_modules/html5-qrcode/esm/ui/scanner/base.js[39m[22m
[1mModule Warning (from ./node_modules/source-map-loader/dist/cjs.js):
[1m[31mFailed[39m[22m[1m to parse source map from 'C:\super_app_madrasah\super_app_madrasah\frontend\node_modules\src\ui\scanner\base.ts' file: [1m[31mError[39m[22m[1m: ENOENT: no such file or directory, open 'C:\super_app_madrasah\super_app_madrasah\frontend\node_modules\src\ui\scanner\base.ts'[39m[22m

[1m[33mWARNING[39m[22m in [1m./node_modules/html5-qrcode/esm/ui/scanner/camera-selection-ui.js[39m[22m
[1mModule Warning (from ./node_modules/source-map-loader/dist/cjs.js):
[1m[31mFailed[39m[22m[1m to parse source map from 'C:\super_app_madrasah\super_app_madrasah\frontend\node_modules\src\ui\scanner\camera-selection-ui.ts' file: [1m[31mError[39m[22m[1m: ENOENT: no such file or directory, open 'C:\super_app_madrasah\super_app_madrasah\frontend\node_modules\src\ui\scanner\camera-selection-ui.ts'[39m[22m

[1m[33mWARNING[39m[22m in [1m./node_modules/html5-qrcode/esm/ui/scanner/camera-zoom-ui.js[39m[22m
[1mModule Warning (from ./node_modules/source-map-loader/dist/cjs.js):
[1m[31mFailed[39m[22m[1m to parse source map from 'C:\super_app_madrasah\super_app_madrasah\frontend\node_modules\src\ui\scanner\camera-zoom-ui.ts' file: [1m[31mError[39m[22m[1m: ENOENT: no such file or directory, open 'C:\super_app_madrasah\super_app_madrasah\frontend\node_modules\src\ui\scanner\camera-zoom-ui.ts'[39m[22m

[1m[33mWARNING[39m[22m in [1m./node_modules/html5-qrcode/esm/ui/scanner/file-selection-ui.js[39m[22m
[1mModule Warning (from ./node_modules/source-map-loader/dist/cjs.js):
[1m[31mFailed[39m[22m[1m to parse source map from 'C:\super_app_madrasah\super_app_madrasah\frontend\node_modules\src\ui\scanner\file-selection-ui.ts' file: [1m[31mError[39m[22m[1m: ENOENT: no such file or directory, open 'C:\super_app_madrasah\super_app_madrasah\frontend\node_modules\src\ui\scanner\file-selection-ui.ts'[39m[22m

[1m[33mWARNING[39m[22m in [1m./node_modules/html5-qrcode/esm/ui/scanner/scan-type-selector.js[39m[22m
[1mModule Warning (from ./node_modules/source-map-loader/dist/cjs.js):
[1m[31mFailed[39m[22m[1m to parse source map from 'C:\super_app_madrasah\super_app_madrasah\frontend\node_modules\src\ui\scanner\scan-type-selector.ts' file: [1m[31mError[39m[22m[1m: ENOENT: no such file or directory, open 'C:\super_app_madrasah\super_app_madrasah\frontend\node_modules\src\ui\scanner\scan-type-selector.ts'[39m[22m

[1m[33mWARNING[39m[22m in [1m./node_modules/html5-qrcode/esm/ui/scanner/torch-button.js[39m[22m
[1mModule Warning (from ./node_modules/source-map-loader/dist/cjs.js):
[1m[31mFailed[39m[22m[1m to parse source map from 'C:\super_app_madrasah\super_app_madrasah\frontend\node_modules\src\ui\scanner\torch-button.ts' file: [1m[31mError[39m[22m[1m: ENOENT: no such file or directory, open 'C:\super_app_madrasah\super_app_madrasah\frontend\node_modules\src\ui\scanner\torch-button.ts'[39m[22m

[1m[33mWARNING[39m[22m in [1m./node_modules/html5-qrcode/esm/utils.js[39m[22m
[1mModule Warning (from ./node_modules/source-map-loader/dist/cjs.js):
[1m[31mFailed[39m[22m[1m to parse source map from 'C:\super_app_madrasah\super_app_madrasah\frontend\node_modules\src\utils.ts' file: [1m[31mError[39m[22m[1m: ENOENT: no such file or directory, open 'C:\super_app_madrasah\super_app_madrasah\frontend\node_modules\src\utils.ts'[39m[22m

[1m[33mWARNING[39m[22m in [1m[eslint] 
src\components\layout\AppShell.js
  Line 403:6:  React Hook useEffect has a missing dependency: 'user?.password_status'. Either include it or remove the dependency array  react-hooks/exhaustive-deps

src\components\verval\VervalDraftAlert.js
  Line 77:6:  React Hook useEffect has missing dependencies: 'checkDraft', 'checkRequests', and 'onStatusChange'. Either include them or remove the dependency array. If 'onStatusChange' changes too often, find the parent component that defines it and wrap that definition in useCallback  react-hooks/exhaustive-deps

src\pages\ProfilePageEMIS.js
  Line 236:6:  React Hook useEffect has missing dependencies: 'checkDraft', 'loadRekamDidik', and 'loadStudentData'. Either include them or remove the dependency array                                                                                                                              react-hooks/exhaustive-deps
  Line 289:6:  React Hook useEffect has missing dependencies: 'alamatAyah', 'alamatIbu', 'alamatSiswa', 'alamatWali', 'ayahData', 'beasiswa', 'checkDraft', 'ibuData', 'loadDraft', 'pendidikanLain', 'prestasi', 'studentData', and 'waliData'. Either include them or remove the dependency array  react-hooks/exhaustive-deps
  Line 297:6:  React Hook useEffect has a missing dependency: 'saveVervalDraft'. Either include it or remove the dependency array                                                                                                                                                                    react-hooks/exhaustive-deps
  Line 323:6:  React Hook useEffect has missing dependencies: 'ayahData' and 'ibuData'. Either include them or remove the dependency array. You can also replace multiple useState variables with useReducer if 'setWaliData' needs the current value of 'ayahData'                                  react-hooks/exhaustive-deps
  Line 337:6:  React Hook useEffect has missing dependencies: 'alamatAyah' and 'alamatIbu'. Either include them or remove the dependency array. You can also replace multiple useState variables with useReducer if 'setAlamatWali' needs the current value of 'alamatAyah'                          react-hooks/exhaustive-deps
  Line 360:6:  React Hook useEffect has missing dependencies: 'alamatAyah', 'alamatIbu', and 'alamatWali'. Either include them or remove the dependency array. You can also replace multiple useState variables with useReducer if 'setAlamatSiswa' needs the current value of 'alamatAyah'          react-hooks/exhaustive-deps

src\pages\admin\AdminVervalGTKPage.js
  Line 41:35:  React Hook useEffect has a missing dependency: 'refresh'. Either include it or remove the dependency array  react-hooks/exhaustive-deps

src\pages\admin\AdminVervalSiswaPage.js
  Line 38:35:  React Hook useEffect has a missing dependency: 'refresh'. Either include it or remove the dependency array  react-hooks/exhaustive-deps

[39m[22m

webpack compiled with [1m[33m21 warnings[39m[22m
